---
source: tests/wqsnap.rs
expression: output
input_file: tests/wq/rpn.wq
---
13
