---
source: tests/wqsnap.rs
expression: output
input_file: tests/wq/nsdec.wq
---
よろしくね
