---
source: tests/wqsnap.rs
expression: output
input_file: tests/wq/prelude_test.wq
---
ok
