---
source: tests/wqsnap.rs
expression: output
input_file: tests/wq/list-test.wq
---
ok
