---
source: tests/wqsnap.rs
expression: output
input_file: tests/wq/1.wq
---
1
