---
source: tests/wqsnap.rs
expression: output
input_file: tests/wq/closure.wq
---
ok
ok
