---
source: tests/wqsnap.rs
expression: output
input_file: tests/wq/fft.wq
---
((1;0);(0;-1);(-1;0);(0;1);(1;0);(0;-1);(-1;0);(0;1))
((0;0);(0;0);(4;0);(0;0);(0;0);(0;0);(4;0);(0;0))
