---
source: tests/wqsnap.rs
expression: output
input_file: tests/wq/bf.wq
---
Hello, World!
